// Vitest Snapshot v1, https://vitest.dev/guide/snapshot.html

exports[`Home > renders the view properly 1`] = `
"<div class="flex items-center justify-center h-full home">
  <div class="w-full max-w-md px-2 py-3 mx-4 sm:mx-0 sm:p-6 bg-secondary/[0.8]">
    <app-logo-stub class="m-auto"></app-logo-stub>
    <hr class="w-full mt-4 border-gray sm:mt-5">
    <form class="flex w-full mt-4 sm:mt-5" data-test-id="locationForm"><input type="text" class="flex-1 input" placeholder="Where are you now?" data-test-id="locationInput"><button type="submit" class="ml-2 btn" disabled="" data-test-id="goButton"> Go </button></form>
    <!--v-if-->
    <hr class="w-full mt-4 border-gray sm:mt-5">
    <p class="mt-3 text-base leading-6 font-light text-primary sm:mt-4 text-justify"> Designed and developed by <a href="https://www.linkedin.com/in/maxmaccari/" class="link" target="_blank">Maxsuel Maccari</a>. You can check all credits of used assets <router-link-stub to="[object Object]" class="link"></router-link-stub>. </p>
  </div>
</div>"
`;
