// Vitest Snapshot v1, https://vitest.dev/guide/snapshot.html

exports[`LoadingPanel > renders the component properly 1`] = `
"<div class="min-w-64 flex flex-col items-center px-12 py-6 bg-secondary/[0.8]">
  <loading-spinner-stub class="block w-16"></loading-spinner-stub><span class="text-lg font-light text-primary">Loading...</span>
</div>"
`;
